Archive member included to satisfy reference by file (symbol)

/opt/microchip/xc8/v2.46/avr/bin/../lib/gcc/avr/5.4.0/avr4/libgcc.a(_copy_data.o)
                              build/default/production/toy_car_main.o (__do_copy_data)
/opt/microchip/xc8/v2.46/avr/bin/../lib/gcc/avr/5.4.0/avr4/libgcc.a(_umulhisi3.o)
                              build/default/production/toy_car_main.o (__umulhisi3)
/opt/microchip/xc8/v2.46/avr/bin/../lib/gcc/avr/5.4.0/../../../../avr/lib/avr4/libc.a(exit.o)
                              /opt/microchip/mplabx/v6.20/packs/Microchip/ATmega_DFP/3.1.264/xc8/avr/lib/avr4/crtatmega8.o (exit)
/opt/microchip/xc8/v2.46/avr/bin/../lib/gcc/avr/5.4.0/../../../../avr/lib/avr4/libc.a(__sio_sprintf_doux.o)
                              build/default/production/uart.o (_sprintf_cdopuxX)
/opt/microchip/xc8/v2.46/avr/bin/../lib/gcc/avr/5.4.0/../../../../avr/lib/avr4/libc.a(__fmt_d.o)
                              /opt/microchip/xc8/v2.46/avr/bin/../lib/gcc/avr/5.4.0/../../../../avr/lib/avr4/libc.a(__sio_sprintf_doux.o) (__fmt_d_needed)
/opt/microchip/xc8/v2.46/avr/bin/../lib/gcc/avr/5.4.0/../../../../avr/lib/avr4/libc.a(__fmt_o.o)
                              /opt/microchip/xc8/v2.46/avr/bin/../lib/gcc/avr/5.4.0/../../../../avr/lib/avr4/libc.a(__sio_sprintf_doux.o) (__fmt_o_needed)
/opt/microchip/xc8/v2.46/avr/bin/../lib/gcc/avr/5.4.0/../../../../avr/lib/avr4/libc.a(__fmt_s.o)
                              /opt/microchip/xc8/v2.46/avr/bin/../lib/gcc/avr/5.4.0/../../../../avr/lib/avr4/libc.a(__sio_sprintf_doux.o) (__fmt_s_needed)
/opt/microchip/xc8/v2.46/avr/bin/../lib/gcc/avr/5.4.0/../../../../avr/lib/avr4/libc.a(__fmt_u.o)
                              /opt/microchip/xc8/v2.46/avr/bin/../lib/gcc/avr/5.4.0/../../../../avr/lib/avr4/libc.a(__fmt_d.o) (__cvt_u)
/opt/microchip/xc8/v2.46/avr/bin/../lib/gcc/avr/5.4.0/../../../../avr/lib/avr4/libc.a(__fmt_x.o)
                              /opt/microchip/xc8/v2.46/avr/bin/../lib/gcc/avr/5.4.0/../../../../avr/lib/avr4/libc.a(__sio_sprintf_doux.o) (__fmt_x_needed)
/opt/microchip/xc8/v2.46/avr/bin/../lib/gcc/avr/5.4.0/../../../../avr/lib/avr4/libc.a(__pop_int.o)
                              /opt/microchip/xc8/v2.46/avr/bin/../lib/gcc/avr/5.4.0/../../../../avr/lib/avr4/libc.a(__sio_sprintf_doux.o) (__pop_int_needed)
/opt/microchip/xc8/v2.46/avr/bin/../lib/gcc/avr/5.4.0/../../../../avr/lib/avr4/libc.a(__printf_core.o)
                              /opt/microchip/xc8/v2.46/avr/bin/../lib/gcc/avr/5.4.0/../../../../avr/lib/avr4/libc.a(__fmt_d.o) (__pad)
/opt/microchip/xc8/v2.46/avr/bin/../lib/gcc/avr/5.4.0/../../../../avr/lib/avr4/libc.a(fputc.o)
                              /opt/microchip/xc8/v2.46/avr/bin/../lib/gcc/avr/5.4.0/../../../../avr/lib/avr4/libc.a(__printf_core.o) (fputc)
/opt/microchip/xc8/v2.46/avr/bin/../lib/gcc/avr/5.4.0/../../../../avr/lib/avr4/libc.a(strlen.o)
                              /opt/microchip/xc8/v2.46/avr/bin/../lib/gcc/avr/5.4.0/../../../../avr/lib/avr4/libc.a(__fmt_s.o) (strlen)
/opt/microchip/xc8/v2.46/avr/bin/../lib/gcc/avr/5.4.0/../../../../avr/lib/avr4/libc.a(tolower.o)
                              /opt/microchip/xc8/v2.46/avr/bin/../lib/gcc/avr/5.4.0/../../../../avr/lib/avr4/libc.a(__printf_core.o) (tolower)
/opt/microchip/xc8/v2.46/avr/bin/../lib/gcc/avr/5.4.0/../../../../avr/lib/avr4/libc.a(toupper.o)
                              /opt/microchip/xc8/v2.46/avr/bin/../lib/gcc/avr/5.4.0/../../../../avr/lib/avr4/libc.a(__fmt_x.o) (toupper)
/opt/microchip/xc8/v2.46/avr/bin/../lib/gcc/avr/5.4.0/../../../../avr/lib/avr4/libc.a(errno.o)
                              /opt/microchip/xc8/v2.46/avr/bin/../lib/gcc/avr/5.4.0/../../../../avr/lib/avr4/libc.a(__printf_core.o) (__errno_val)
/opt/microchip/xc8/v2.46/avr/bin/../lib/gcc/avr/5.4.0/../../../../avr/lib/avr4/libc.a(_Exit.o)
                              /opt/microchip/xc8/v2.46/avr/bin/../lib/gcc/avr/5.4.0/../../../../avr/lib/avr4/libc.a(exit.o) (_Exit)
/opt/microchip/xc8/v2.46/avr/bin/../lib/gcc/avr/5.4.0/../../../../avr/lib/avr4/libc.a(__int_vsprintf.o)
                              /opt/microchip/xc8/v2.46/avr/bin/../lib/gcc/avr/5.4.0/../../../../avr/lib/avr4/libc.a(__sio_sprintf_doux.o) (__vsprintf)
/opt/microchip/xc8/v2.46/avr/bin/../lib/gcc/avr/5.4.0/../../../../avr/lib/avr4/libc.a(__int_vsnprintf.o)
                              /opt/microchip/xc8/v2.46/avr/bin/../lib/gcc/avr/5.4.0/../../../../avr/lib/avr4/libc.a(__int_vsprintf.o) (__vsnprintf)
/opt/microchip/xc8/v2.46/avr/bin/../lib/gcc/avr/5.4.0/../../../../avr/lib/avr4/libc.a(__int_vfprintf.o)
                              /opt/microchip/xc8/v2.46/avr/bin/../lib/gcc/avr/5.4.0/../../../../avr/lib/avr4/libc.a(__int_vsnprintf.o) (__vfprintf)
/opt/microchip/xc8/v2.46/avr/bin/../lib/gcc/avr/5.4.0/avr4/libgcc.a(_udivmodsi4.o)
                              /opt/microchip/xc8/v2.46/avr/bin/../lib/gcc/avr/5.4.0/../../../../avr/lib/avr4/libc.a(__fmt_u.o) (__udivmodsi4)
/opt/microchip/xc8/v2.46/avr/bin/../lib/gcc/avr/5.4.0/avr4/libgcc.a(_exit.o)
                              /opt/microchip/xc8/v2.46/avr/bin/../lib/gcc/avr/5.4.0/../../../../avr/lib/avr4/libc.a(_Exit.o) (_exit)
/opt/microchip/xc8/v2.46/avr/bin/../lib/gcc/avr/5.4.0/avr4/libgcc.a(_prologue.o)
                              /opt/microchip/xc8/v2.46/avr/bin/../lib/gcc/avr/5.4.0/../../../../avr/lib/avr4/libc.a(__sio_sprintf_doux.o) (__prologue_saves__)
/opt/microchip/xc8/v2.46/avr/bin/../lib/gcc/avr/5.4.0/avr4/libgcc.a(_epilogue.o)
                              /opt/microchip/xc8/v2.46/avr/bin/../lib/gcc/avr/5.4.0/../../../../avr/lib/avr4/libc.a(__sio_sprintf_doux.o) (__epilogue_restores__)

Allocating common symbols
Common symbol       size              file

__errno_val         0x2               /opt/microchip/xc8/v2.46/avr/bin/../lib/gcc/avr/5.4.0/../../../../avr/lib/avr4/libc.a(errno.o)

Discarded input sections

 .data          0x0000000000000000        0x0 /opt/microchip/mplabx/v6.20/packs/Microchip/ATmega_DFP/3.1.264/xc8/avr/lib/avr4/crtatmega8.o
 .bss           0x0000000000000000        0x0 /opt/microchip/mplabx/v6.20/packs/Microchip/ATmega_DFP/3.1.264/xc8/avr/lib/avr4/crtatmega8.o
 .text          0x0000000000000000        0x0 build/default/production/toy_car_main.o
 .data          0x0000000000000000        0x0 build/default/production/toy_car_main.o
 .bss           0x0000000000000000        0x0 build/default/production/toy_car_main.o
 .bss.OBSTACLE_FLAG
                0x0000000000000000        0x1 build/default/production/toy_car_main.o
 .text          0x0000000000000000        0x0 build/default/production/pwm.o
 .data          0x0000000000000000        0x0 build/default/production/pwm.o
 .bss           0x0000000000000000        0x0 build/default/production/pwm.o
 .text          0x0000000000000000        0x0 build/default/production/timer.o
 .data          0x0000000000000000        0x0 build/default/production/timer.o
 .bss           0x0000000000000000        0x0 build/default/production/timer.o
 .text          0x0000000000000000        0x0 build/default/production/uart.o
 .data          0x0000000000000000        0x0 build/default/production/uart.o
 .bss           0x0000000000000000        0x0 build/default/production/uart.o
 .text          0x0000000000000000        0x0 /opt/microchip/xc8/v2.46/avr/bin/../lib/gcc/avr/5.4.0/avr4/libgcc.a(_copy_data.o)
 .data          0x0000000000000000        0x0 /opt/microchip/xc8/v2.46/avr/bin/../lib/gcc/avr/5.4.0/avr4/libgcc.a(_copy_data.o)
 .bss           0x0000000000000000        0x0 /opt/microchip/xc8/v2.46/avr/bin/../lib/gcc/avr/5.4.0/avr4/libgcc.a(_copy_data.o)
 .text.libgcc.mul
                0x0000000000000000        0x0 /opt/microchip/xc8/v2.46/avr/bin/../lib/gcc/avr/5.4.0/avr4/libgcc.a(_copy_data.o)
 .text.libgcc.div
                0x0000000000000000        0x0 /opt/microchip/xc8/v2.46/avr/bin/../lib/gcc/avr/5.4.0/avr4/libgcc.a(_copy_data.o)
 .text.libgcc   0x0000000000000000        0x0 /opt/microchip/xc8/v2.46/avr/bin/../lib/gcc/avr/5.4.0/avr4/libgcc.a(_copy_data.o)
 .text.libgcc.prologue
                0x0000000000000000        0x0 /opt/microchip/xc8/v2.46/avr/bin/../lib/gcc/avr/5.4.0/avr4/libgcc.a(_copy_data.o)
 .text.libgcc.builtins
                0x0000000000000000        0x0 /opt/microchip/xc8/v2.46/avr/bin/../lib/gcc/avr/5.4.0/avr4/libgcc.a(_copy_data.o)
 .text.libgcc.fmul
                0x0000000000000000        0x0 /opt/microchip/xc8/v2.46/avr/bin/../lib/gcc/avr/5.4.0/avr4/libgcc.a(_copy_data.o)
 .text.libgcc.fixed
                0x0000000000000000        0x0 /opt/microchip/xc8/v2.46/avr/bin/../lib/gcc/avr/5.4.0/avr4/libgcc.a(_copy_data.o)
 .text          0x0000000000000000        0x0 /opt/microchip/xc8/v2.46/avr/bin/../lib/gcc/avr/5.4.0/avr4/libgcc.a(_umulhisi3.o)
 .data          0x0000000000000000        0x0 /opt/microchip/xc8/v2.46/avr/bin/../lib/gcc/avr/5.4.0/avr4/libgcc.a(_umulhisi3.o)
 .bss           0x0000000000000000        0x0 /opt/microchip/xc8/v2.46/avr/bin/../lib/gcc/avr/5.4.0/avr4/libgcc.a(_umulhisi3.o)
 .stack.descriptors
                0x0000000000000000       0x19 /opt/microchip/xc8/v2.46/avr/bin/../lib/gcc/avr/5.4.0/avr4/libgcc.a(_umulhisi3.o)
 .text.libgcc.div
                0x0000000000000000        0x0 /opt/microchip/xc8/v2.46/avr/bin/../lib/gcc/avr/5.4.0/avr4/libgcc.a(_umulhisi3.o)
 .text.libgcc   0x0000000000000000        0x0 /opt/microchip/xc8/v2.46/avr/bin/../lib/gcc/avr/5.4.0/avr4/libgcc.a(_umulhisi3.o)
 .text.libgcc.prologue
                0x0000000000000000        0x0 /opt/microchip/xc8/v2.46/avr/bin/../lib/gcc/avr/5.4.0/avr4/libgcc.a(_umulhisi3.o)
 .text.libgcc.builtins
                0x0000000000000000        0x0 /opt/microchip/xc8/v2.46/avr/bin/../lib/gcc/avr/5.4.0/avr4/libgcc.a(_umulhisi3.o)
 .text.libgcc.fmul
                0x0000000000000000        0x0 /opt/microchip/xc8/v2.46/avr/bin/../lib/gcc/avr/5.4.0/avr4/libgcc.a(_umulhisi3.o)
 .text.libgcc.fixed
                0x0000000000000000        0x0 /opt/microchip/xc8/v2.46/avr/bin/../lib/gcc/avr/5.4.0/avr4/libgcc.a(_umulhisi3.o)
 .text          0x0000000000000000        0x0 /opt/microchip/xc8/v2.46/avr/bin/../lib/gcc/avr/5.4.0/../../../../avr/lib/avr4/libc.a(exit.o)
 .data          0x0000000000000000        0x0 /opt/microchip/xc8/v2.46/avr/bin/../lib/gcc/avr/5.4.0/../../../../avr/lib/avr4/libc.a(exit.o)
 .bss           0x0000000000000000        0x0 /opt/microchip/xc8/v2.46/avr/bin/../lib/gcc/avr/5.4.0/../../../../avr/lib/avr4/libc.a(exit.o)
 .stack.descriptors
                0x0000000000000000       0x73 /opt/microchip/xc8/v2.46/avr/bin/../lib/gcc/avr/5.4.0/../../../../avr/lib/avr4/libc.a(exit.o)
 .text          0x0000000000000000        0x0 /opt/microchip/xc8/v2.46/avr/bin/../lib/gcc/avr/5.4.0/../../../../avr/lib/avr4/libc.a(__sio_sprintf_doux.o)
 .data          0x0000000000000000        0x0 /opt/microchip/xc8/v2.46/avr/bin/../lib/gcc/avr/5.4.0/../../../../avr/lib/avr4/libc.a(__sio_sprintf_doux.o)
 .bss           0x0000000000000000        0x0 /opt/microchip/xc8/v2.46/avr/bin/../lib/gcc/avr/5.4.0/../../../../avr/lib/avr4/libc.a(__sio_sprintf_doux.o)
 .stack.descriptors
                0x0000000000000000       0x3c /opt/microchip/xc8/v2.46/avr/bin/../lib/gcc/avr/5.4.0/../../../../avr/lib/avr4/libc.a(__sio_sprintf_doux.o)
 .text.__sio_sprintf_doux
                0x0000000000000000        0xe /opt/microchip/xc8/v2.46/avr/bin/../lib/gcc/avr/5.4.0/../../../../avr/lib/avr4/libc.a(__sio_sprintf_doux.o)
 .text          0x0000000000000000        0x0 /opt/microchip/xc8/v2.46/avr/bin/../lib/gcc/avr/5.4.0/../../../../avr/lib/avr4/libc.a(__fmt_d.o)
 .data          0x0000000000000000        0x0 /opt/microchip/xc8/v2.46/avr/bin/../lib/gcc/avr/5.4.0/../../../../avr/lib/avr4/libc.a(__fmt_d.o)
 .bss           0x0000000000000000        0x0 /opt/microchip/xc8/v2.46/avr/bin/../lib/gcc/avr/5.4.0/../../../../avr/lib/avr4/libc.a(__fmt_d.o)
 .stack.descriptors
                0x0000000000000000       0x15 /opt/microchip/xc8/v2.46/avr/bin/../lib/gcc/avr/5.4.0/../../../../avr/lib/avr4/libc.a(__fmt_d.o)
 .text          0x0000000000000000        0x0 /opt/microchip/xc8/v2.46/avr/bin/../lib/gcc/avr/5.4.0/../../../../avr/lib/avr4/libc.a(__fmt_o.o)
 .data          0x0000000000000000        0x0 /opt/microchip/xc8/v2.46/avr/bin/../lib/gcc/avr/5.4.0/../../../../avr/lib/avr4/libc.a(__fmt_o.o)
 .bss           0x0000000000000000        0x0 /opt/microchip/xc8/v2.46/avr/bin/../lib/gcc/avr/5.4.0/../../../../avr/lib/avr4/libc.a(__fmt_o.o)
 .stack.descriptors
                0x0000000000000000       0x15 /opt/microchip/xc8/v2.46/avr/bin/../lib/gcc/avr/5.4.0/../../../../avr/lib/avr4/libc.a(__fmt_o.o)
 .text          0x0000000000000000        0x0 /opt/microchip/xc8/v2.46/avr/bin/../lib/gcc/avr/5.4.0/../../../../avr/lib/avr4/libc.a(__fmt_s.o)
 .data          0x0000000000000000        0x0 /opt/microchip/xc8/v2.46/avr/bin/../lib/gcc/avr/5.4.0/../../../../avr/lib/avr4/libc.a(__fmt_s.o)
 .bss           0x0000000000000000        0x0 /opt/microchip/xc8/v2.46/avr/bin/../lib/gcc/avr/5.4.0/../../../../avr/lib/avr4/libc.a(__fmt_s.o)
 .stack.descriptors
                0x0000000000000000       0x15 /opt/microchip/xc8/v2.46/avr/bin/../lib/gcc/avr/5.4.0/../../../../avr/lib/avr4/libc.a(__fmt_s.o)
 .text          0x0000000000000000        0x0 /opt/microchip/xc8/v2.46/avr/bin/../lib/gcc/avr/5.4.0/../../../../avr/lib/avr4/libc.a(__fmt_u.o)
 .data          0x0000000000000000        0x0 /opt/microchip/xc8/v2.46/avr/bin/../lib/gcc/avr/5.4.0/../../../../avr/lib/avr4/libc.a(__fmt_u.o)
 .bss           0x0000000000000000        0x0 /opt/microchip/xc8/v2.46/avr/bin/../lib/gcc/avr/5.4.0/../../../../avr/lib/avr4/libc.a(__fmt_u.o)
 .stack.descriptors
                0x0000000000000000       0x2a /opt/microchip/xc8/v2.46/avr/bin/../lib/gcc/avr/5.4.0/../../../../avr/lib/avr4/libc.a(__fmt_u.o)
 .text          0x0000000000000000        0x0 /opt/microchip/xc8/v2.46/avr/bin/../lib/gcc/avr/5.4.0/../../../../avr/lib/avr4/libc.a(__fmt_x.o)
 .data          0x0000000000000000        0x0 /opt/microchip/xc8/v2.46/avr/bin/../lib/gcc/avr/5.4.0/../../../../avr/lib/avr4/libc.a(__fmt_x.o)
 .bss           0x0000000000000000        0x0 /opt/microchip/xc8/v2.46/avr/bin/../lib/gcc/avr/5.4.0/../../../../avr/lib/avr4/libc.a(__fmt_x.o)
 .stack.descriptors
                0x0000000000000000       0x15 /opt/microchip/xc8/v2.46/avr/bin/../lib/gcc/avr/5.4.0/../../../../avr/lib/avr4/libc.a(__fmt_x.o)
 .text          0x0000000000000000        0x0 /opt/microchip/xc8/v2.46/avr/bin/../lib/gcc/avr/5.4.0/../../../../avr/lib/avr4/libc.a(__pop_int.o)
 .data          0x0000000000000000        0x0 /opt/microchip/xc8/v2.46/avr/bin/../lib/gcc/avr/5.4.0/../../../../avr/lib/avr4/libc.a(__pop_int.o)
 .bss           0x0000000000000000        0x0 /opt/microchip/xc8/v2.46/avr/bin/../lib/gcc/avr/5.4.0/../../../../avr/lib/avr4/libc.a(__pop_int.o)
 .stack.descriptors
                0x0000000000000000       0x17 /opt/microchip/xc8/v2.46/avr/bin/../lib/gcc/avr/5.4.0/../../../../avr/lib/avr4/libc.a(__pop_int.o)
 .text          0x0000000000000000        0x0 /opt/microchip/xc8/v2.46/avr/bin/../lib/gcc/avr/5.4.0/../../../../avr/lib/avr4/libc.a(__printf_core.o)
 .data          0x0000000000000000        0x0 /opt/microchip/xc8/v2.46/avr/bin/../lib/gcc/avr/5.4.0/../../../../avr/lib/avr4/libc.a(__printf_core.o)
 .bss           0x0000000000000000        0x0 /opt/microchip/xc8/v2.46/avr/bin/../lib/gcc/avr/5.4.0/../../../../avr/lib/avr4/libc.a(__printf_core.o)
 .stack.descriptors
                0x0000000000000000       0x91 /opt/microchip/xc8/v2.46/avr/bin/../lib/gcc/avr/5.4.0/../../../../avr/lib/avr4/libc.a(__printf_core.o)
 .text          0x0000000000000000        0x0 /opt/microchip/xc8/v2.46/avr/bin/../lib/gcc/avr/5.4.0/../../../../avr/lib/avr4/libc.a(fputc.o)
 .data          0x0000000000000000        0x0 /opt/microchip/xc8/v2.46/avr/bin/../lib/gcc/avr/5.4.0/../../../../avr/lib/avr4/libc.a(fputc.o)
 .bss           0x0000000000000000        0x0 /opt/microchip/xc8/v2.46/avr/bin/../lib/gcc/avr/5.4.0/../../../../avr/lib/avr4/libc.a(fputc.o)
 .stack.descriptors
                0x0000000000000000       0x13 /opt/microchip/xc8/v2.46/avr/bin/../lib/gcc/avr/5.4.0/../../../../avr/lib/avr4/libc.a(fputc.o)
 .text          0x0000000000000000        0x0 /opt/microchip/xc8/v2.46/avr/bin/../lib/gcc/avr/5.4.0/../../../../avr/lib/avr4/libc.a(strlen.o)
 .data          0x0000000000000000        0x0 /opt/microchip/xc8/v2.46/avr/bin/../lib/gcc/avr/5.4.0/../../../../avr/lib/avr4/libc.a(strlen.o)
 .bss           0x0000000000000000        0x0 /opt/microchip/xc8/v2.46/avr/bin/../lib/gcc/avr/5.4.0/../../../../avr/lib/avr4/libc.a(strlen.o)
 .stack.descriptors
                0x0000000000000000       0x14 /opt/microchip/xc8/v2.46/avr/bin/../lib/gcc/avr/5.4.0/../../../../avr/lib/avr4/libc.a(strlen.o)
 .text          0x0000000000000000        0x0 /opt/microchip/xc8/v2.46/avr/bin/../lib/gcc/avr/5.4.0/../../../../avr/lib/avr4/libc.a(tolower.o)
 .data          0x0000000000000000        0x0 /opt/microchip/xc8/v2.46/avr/bin/../lib/gcc/avr/5.4.0/../../../../avr/lib/avr4/libc.a(tolower.o)
 .bss           0x0000000000000000        0x0 /opt/microchip/xc8/v2.46/avr/bin/../lib/gcc/avr/5.4.0/../../../../avr/lib/avr4/libc.a(tolower.o)
 .stack.descriptors
                0x0000000000000000       0x2e /opt/microchip/xc8/v2.46/avr/bin/../lib/gcc/avr/5.4.0/../../../../avr/lib/avr4/libc.a(tolower.o)
 .text.__tolower_l
                0x0000000000000000        0x4 /opt/microchip/xc8/v2.46/avr/bin/../lib/gcc/avr/5.4.0/../../../../avr/lib/avr4/libc.a(tolower.o)
 .text          0x0000000000000000        0x0 /opt/microchip/xc8/v2.46/avr/bin/../lib/gcc/avr/5.4.0/../../../../avr/lib/avr4/libc.a(toupper.o)
 .data          0x0000000000000000        0x0 /opt/microchip/xc8/v2.46/avr/bin/../lib/gcc/avr/5.4.0/../../../../avr/lib/avr4/libc.a(toupper.o)
 .bss           0x0000000000000000        0x0 /opt/microchip/xc8/v2.46/avr/bin/../lib/gcc/avr/5.4.0/../../../../avr/lib/avr4/libc.a(toupper.o)
 .stack.descriptors
                0x0000000000000000       0x2e /opt/microchip/xc8/v2.46/avr/bin/../lib/gcc/avr/5.4.0/../../../../avr/lib/avr4/libc.a(toupper.o)
 .text.__toupper_l
                0x0000000000000000        0x4 /opt/microchip/xc8/v2.46/avr/bin/../lib/gcc/avr/5.4.0/../../../../avr/lib/avr4/libc.a(toupper.o)
 .text          0x0000000000000000        0x0 /opt/microchip/xc8/v2.46/avr/bin/../lib/gcc/avr/5.4.0/../../../../avr/lib/avr4/libc.a(errno.o)
 .data          0x0000000000000000        0x0 /opt/microchip/xc8/v2.46/avr/bin/../lib/gcc/avr/5.4.0/../../../../avr/lib/avr4/libc.a(errno.o)
 .bss           0x0000000000000000        0x0 /opt/microchip/xc8/v2.46/avr/bin/../lib/gcc/avr/5.4.0/../../../../avr/lib/avr4/libc.a(errno.o)
 .text          0x0000000000000000        0x0 /opt/microchip/xc8/v2.46/avr/bin/../lib/gcc/avr/5.4.0/../../../../avr/lib/avr4/libc.a(_Exit.o)
 .data          0x0000000000000000        0x0 /opt/microchip/xc8/v2.46/avr/bin/../lib/gcc/avr/5.4.0/../../../../avr/lib/avr4/libc.a(_Exit.o)
 .bss           0x0000000000000000        0x0 /opt/microchip/xc8/v2.46/avr/bin/../lib/gcc/avr/5.4.0/../../../../avr/lib/avr4/libc.a(_Exit.o)
 .stack.descriptors
                0x0000000000000000       0x13 /opt/microchip/xc8/v2.46/avr/bin/../lib/gcc/avr/5.4.0/../../../../avr/lib/avr4/libc.a(_Exit.o)
 .text          0x0000000000000000        0x0 /opt/microchip/xc8/v2.46/avr/bin/../lib/gcc/avr/5.4.0/../../../../avr/lib/avr4/libc.a(__int_vsprintf.o)
 .data          0x0000000000000000        0x0 /opt/microchip/xc8/v2.46/avr/bin/../lib/gcc/avr/5.4.0/../../../../avr/lib/avr4/libc.a(__int_vsprintf.o)
 .bss           0x0000000000000000        0x0 /opt/microchip/xc8/v2.46/avr/bin/../lib/gcc/avr/5.4.0/../../../../avr/lib/avr4/libc.a(__int_vsprintf.o)
 .stack.descriptors
                0x0000000000000000       0x18 /opt/microchip/xc8/v2.46/avr/bin/../lib/gcc/avr/5.4.0/../../../../avr/lib/avr4/libc.a(__int_vsprintf.o)
 .text          0x0000000000000000        0x0 /opt/microchip/xc8/v2.46/avr/bin/../lib/gcc/avr/5.4.0/../../../../avr/lib/avr4/libc.a(__int_vsnprintf.o)
 .data          0x0000000000000000        0x0 /opt/microchip/xc8/v2.46/avr/bin/../lib/gcc/avr/5.4.0/../../../../avr/lib/avr4/libc.a(__int_vsnprintf.o)
 .bss           0x0000000000000000        0x0 /opt/microchip/xc8/v2.46/avr/bin/../lib/gcc/avr/5.4.0/../../../../avr/lib/avr4/libc.a(__int_vsnprintf.o)
 .stack.descriptors
                0x0000000000000000       0x19 /opt/microchip/xc8/v2.46/avr/bin/../lib/gcc/avr/5.4.0/../../../../avr/lib/avr4/libc.a(__int_vsnprintf.o)
 .text          0x0000000000000000        0x0 /opt/microchip/xc8/v2.46/avr/bin/../lib/gcc/avr/5.4.0/../../../../avr/lib/avr4/libc.a(__int_vfprintf.o)
 .data          0x0000000000000000        0x0 /opt/microchip/xc8/v2.46/avr/bin/../lib/gcc/avr/5.4.0/../../../../avr/lib/avr4/libc.a(__int_vfprintf.o)
 .bss           0x0000000000000000        0x0 /opt/microchip/xc8/v2.46/avr/bin/../lib/gcc/avr/5.4.0/../../../../avr/lib/avr4/libc.a(__int_vfprintf.o)
 .stack.descriptors
                0x0000000000000000       0x18 /opt/microchip/xc8/v2.46/avr/bin/../lib/gcc/avr/5.4.0/../../../../avr/lib/avr4/libc.a(__int_vfprintf.o)
 .text          0x0000000000000000        0x0 /opt/microchip/xc8/v2.46/avr/bin/../lib/gcc/avr/5.4.0/avr4/libgcc.a(_udivmodsi4.o)
 .data          0x0000000000000000        0x0 /opt/microchip/xc8/v2.46/avr/bin/../lib/gcc/avr/5.4.0/avr4/libgcc.a(_udivmodsi4.o)
 .bss           0x0000000000000000        0x0 /opt/microchip/xc8/v2.46/avr/bin/../lib/gcc/avr/5.4.0/avr4/libgcc.a(_udivmodsi4.o)
 .text.libgcc.mul
                0x0000000000000000        0x0 /opt/microchip/xc8/v2.46/avr/bin/../lib/gcc/avr/5.4.0/avr4/libgcc.a(_udivmodsi4.o)
 .stack.descriptors
                0x0000000000000000       0x1a /opt/microchip/xc8/v2.46/avr/bin/../lib/gcc/avr/5.4.0/avr4/libgcc.a(_udivmodsi4.o)
 .text.libgcc   0x0000000000000000        0x0 /opt/microchip/xc8/v2.46/avr/bin/../lib/gcc/avr/5.4.0/avr4/libgcc.a(_udivmodsi4.o)
 .text.libgcc.prologue
                0x0000000000000000        0x0 /opt/microchip/xc8/v2.46/avr/bin/../lib/gcc/avr/5.4.0/avr4/libgcc.a(_udivmodsi4.o)
 .text.libgcc.builtins
                0x0000000000000000        0x0 /opt/microchip/xc8/v2.46/avr/bin/../lib/gcc/avr/5.4.0/avr4/libgcc.a(_udivmodsi4.o)
 .text.libgcc.fmul
                0x0000000000000000        0x0 /opt/microchip/xc8/v2.46/avr/bin/../lib/gcc/avr/5.4.0/avr4/libgcc.a(_udivmodsi4.o)
 .text.libgcc.fixed
                0x0000000000000000        0x0 /opt/microchip/xc8/v2.46/avr/bin/../lib/gcc/avr/5.4.0/avr4/libgcc.a(_udivmodsi4.o)
 .text          0x0000000000000000        0x0 /opt/microchip/xc8/v2.46/avr/bin/../lib/gcc/avr/5.4.0/avr4/libgcc.a(_exit.o)
 .data          0x0000000000000000        0x0 /opt/microchip/xc8/v2.46/avr/bin/../lib/gcc/avr/5.4.0/avr4/libgcc.a(_exit.o)
 .bss           0x0000000000000000        0x0 /opt/microchip/xc8/v2.46/avr/bin/../lib/gcc/avr/5.4.0/avr4/libgcc.a(_exit.o)
 .text.libgcc.mul
                0x0000000000000000        0x0 /opt/microchip/xc8/v2.46/avr/bin/../lib/gcc/avr/5.4.0/avr4/libgcc.a(_exit.o)
 .text.libgcc.div
                0x0000000000000000        0x0 /opt/microchip/xc8/v2.46/avr/bin/../lib/gcc/avr/5.4.0/avr4/libgcc.a(_exit.o)
 .text.libgcc   0x0000000000000000        0x0 /opt/microchip/xc8/v2.46/avr/bin/../lib/gcc/avr/5.4.0/avr4/libgcc.a(_exit.o)
 .text.libgcc.prologue
                0x0000000000000000        0x0 /opt/microchip/xc8/v2.46/avr/bin/../lib/gcc/avr/5.4.0/avr4/libgcc.a(_exit.o)
 .stack.descriptors
                0x0000000000000000       0x13 /opt/microchip/xc8/v2.46/avr/bin/../lib/gcc/avr/5.4.0/avr4/libgcc.a(_exit.o)
 .text.libgcc.builtins
                0x0000000000000000        0x0 /opt/microchip/xc8/v2.46/avr/bin/../lib/gcc/avr/5.4.0/avr4/libgcc.a(_exit.o)
 .text.libgcc.fmul
                0x0000000000000000        0x0 /opt/microchip/xc8/v2.46/avr/bin/../lib/gcc/avr/5.4.0/avr4/libgcc.a(_exit.o)
 .text.libgcc.fixed
                0x0000000000000000        0x0 /opt/microchip/xc8/v2.46/avr/bin/../lib/gcc/avr/5.4.0/avr4/libgcc.a(_exit.o)
 .text          0x0000000000000000        0x0 /opt/microchip/xc8/v2.46/avr/bin/../lib/gcc/avr/5.4.0/avr4/libgcc.a(_prologue.o)
 .data          0x0000000000000000        0x0 /opt/microchip/xc8/v2.46/avr/bin/../lib/gcc/avr/5.4.0/avr4/libgcc.a(_prologue.o)
 .bss           0x0000000000000000        0x0 /opt/microchip/xc8/v2.46/avr/bin/../lib/gcc/avr/5.4.0/avr4/libgcc.a(_prologue.o)
 .text.libgcc.mul
                0x0000000000000000        0x0 /opt/microchip/xc8/v2.46/avr/bin/../lib/gcc/avr/5.4.0/avr4/libgcc.a(_prologue.o)
 .text.libgcc.div
                0x0000000000000000        0x0 /opt/microchip/xc8/v2.46/avr/bin/../lib/gcc/avr/5.4.0/avr4/libgcc.a(_prologue.o)
 .text.libgcc   0x0000000000000000        0x0 /opt/microchip/xc8/v2.46/avr/bin/../lib/gcc/avr/5.4.0/avr4/libgcc.a(_prologue.o)
 .text.libgcc.builtins
                0x0000000000000000        0x0 /opt/microchip/xc8/v2.46/avr/bin/../lib/gcc/avr/5.4.0/avr4/libgcc.a(_prologue.o)
 .text.libgcc.fmul
                0x0000000000000000        0x0 /opt/microchip/xc8/v2.46/avr/bin/../lib/gcc/avr/5.4.0/avr4/libgcc.a(_prologue.o)
 .text.libgcc.fixed
                0x0000000000000000        0x0 /opt/microchip/xc8/v2.46/avr/bin/../lib/gcc/avr/5.4.0/avr4/libgcc.a(_prologue.o)
 .text          0x0000000000000000        0x0 /opt/microchip/xc8/v2.46/avr/bin/../lib/gcc/avr/5.4.0/avr4/libgcc.a(_epilogue.o)
 .data          0x0000000000000000        0x0 /opt/microchip/xc8/v2.46/avr/bin/../lib/gcc/avr/5.4.0/avr4/libgcc.a(_epilogue.o)
 .bss           0x0000000000000000        0x0 /opt/microchip/xc8/v2.46/avr/bin/../lib/gcc/avr/5.4.0/avr4/libgcc.a(_epilogue.o)
 .text.libgcc.mul
                0x0000000000000000        0x0 /opt/microchip/xc8/v2.46/avr/bin/../lib/gcc/avr/5.4.0/avr4/libgcc.a(_epilogue.o)
 .text.libgcc.div
                0x0000000000000000        0x0 /opt/microchip/xc8/v2.46/avr/bin/../lib/gcc/avr/5.4.0/avr4/libgcc.a(_epilogue.o)
 .text.libgcc   0x0000000000000000        0x0 /opt/microchip/xc8/v2.46/avr/bin/../lib/gcc/avr/5.4.0/avr4/libgcc.a(_epilogue.o)
 .text.libgcc.builtins
                0x0000000000000000        0x0 /opt/microchip/xc8/v2.46/avr/bin/../lib/gcc/avr/5.4.0/avr4/libgcc.a(_epilogue.o)
 .text.libgcc.fmul
                0x0000000000000000        0x0 /opt/microchip/xc8/v2.46/avr/bin/../lib/gcc/avr/5.4.0/avr4/libgcc.a(_epilogue.o)
 .text.libgcc.fixed
                0x0000000000000000        0x0 /opt/microchip/xc8/v2.46/avr/bin/../lib/gcc/avr/5.4.0/avr4/libgcc.a(_epilogue.o)

Memory Configuration

Name             Origin             Length             Attributes
text             0x0000000000000000 0x0000000000002000 xr
data             0x0000000000800060 0x0000000000000400 rw !x
eeprom           0x0000000000810000 0x0000000000000200 rw !x
fuse             0x0000000000820000 0x0000000000000002 rw !x
lock             0x0000000000830000 0x0000000000000400 rw !x
signature        0x0000000000840000 0x0000000000000400 rw !x
user_signatures  0x0000000000850000 0x0000000000000400 rw !x
bootrow          0x0000000000860000 0x0000000000000400 rw !x
*default*        0x0000000000000000 0xffffffffffffffff

Linker script and memory map

LOAD /opt/microchip/mplabx/v6.20/packs/Microchip/ATmega_DFP/3.1.264/xc8/avr/lib/avr4/crtatmega8.o
                0x0000000000000001                __MPLAB_BUILD = 0x1
LOAD build/default/production/toy_car_main.o
LOAD build/default/production/pwm.o
LOAD build/default/production/timer.o
LOAD build/default/production/uart.o
START GROUP
LOAD /opt/microchip/xc8/v2.46/avr/bin/../lib/gcc/avr/5.4.0/../../../../avr/lib/avr4/libm.a
END GROUP
START GROUP
LOAD /opt/microchip/xc8/v2.46/avr/bin/../lib/gcc/avr/5.4.0/avr4/libgcc.a
LOAD /opt/microchip/xc8/v2.46/avr/bin/../lib/gcc/avr/5.4.0/../../../../avr/lib/avr4/libm.a
LOAD /opt/microchip/xc8/v2.46/avr/bin/../lib/gcc/avr/5.4.0/../../../../avr/lib/avr4/libc.a
LOAD /opt/microchip/mplabx/v6.20/packs/Microchip/ATmega_DFP/3.1.264/xc8/avr/lib/avr4/libatmega8.a
END GROUP
                0x0000000000000000                __TEXT_REGION_ORIGIN__ = DEFINED (__TEXT_REGION_ORIGIN__)?__TEXT_REGION_ORIGIN__:0x0
                [0x0000000000800060]                __DATA_REGION_ORIGIN__ = DEFINED (__DATA_REGION_ORIGIN__)?__DATA_REGION_ORIGIN__:0x800060
                [0x0000000000002000]                __TEXT_REGION_LENGTH__ = DEFINED (__TEXT_REGION_LENGTH__)?__TEXT_REGION_LENGTH__:0x2000
                [0x0000000000000400]                __DATA_REGION_LENGTH__ = DEFINED (__DATA_REGION_LENGTH__)?__DATA_REGION_LENGTH__:0xffa0
                [0x0000000000000200]                __EEPROM_REGION_LENGTH__ = DEFINED (__EEPROM_REGION_LENGTH__)?__EEPROM_REGION_LENGTH__:0x10000
                [0x0000000000000002]                __FUSE_REGION_LENGTH__ = DEFINED (__FUSE_REGION_LENGTH__)?__FUSE_REGION_LENGTH__:0x400
                0x0000000000000400                __LOCK_REGION_LENGTH__ = DEFINED (__LOCK_REGION_LENGTH__)?__LOCK_REGION_LENGTH__:0x400
                0x0000000000000400                __SIGNATURE_REGION_LENGTH__ = DEFINED (__SIGNATURE_REGION_LENGTH__)?__SIGNATURE_REGION_LENGTH__:0x400
                0x0000000000000400                __USER_SIGNATURE_REGION_LENGTH__ = DEFINED (__USER_SIGNATURE_REGION_LENGTH__)?__USER_SIGNATURE_REGION_LENGTH__:0x400
                0x0000000000000400                __BOOTROW_REGION_LENGTH__ = DEFINED (__BOOTROW_REGION_LENGTH__)?__BOOTROW_REGION_LENGTH__:0x400

.hash
 *(.hash)

.dynsym
 *(.dynsym)

.dynstr
 *(.dynstr)

.gnu.version
 *(.gnu.version)

.gnu.version_d
 *(.gnu.version_d)

.gnu.version_r
 *(.gnu.version_r)

.rel.init
 *(.rel.init)

.rela.init
 *(.rela.init)

.rel.text
 *(.rel.text)
 *(.rel.text.*)
 *(.rel.gnu.linkonce.t*)

.rela.text
 *(.rela.text)
 *(.rela.text.*)
 *(.rela.gnu.linkonce.t*)

.rel.fini
 *(.rel.fini)

.rela.fini
 *(.rela.fini)

.rel.rodata
 *(.rel.rodata)
 *(.rel.rodata.*)
 *(.rel.gnu.linkonce.r*)

.rela.rodata
 *(.rela.rodata)
 *(.rela.rodata.*)
 *(.rela.gnu.linkonce.r*)

.rel.data
 *(.rel.data)
 *(.rel.data.*)
 *(.rel.gnu.linkonce.d*)

.rela.data
 *(.rela.data)
 *(.rela.data.*)
 *(.rela.gnu.linkonce.d*)

.rel.ctors
 *(.rel.ctors)

.rela.ctors
 *(.rela.ctors)

.rel.dtors
 *(.rel.dtors)

.rela.dtors
 *(.rela.dtors)

.rel.got
 *(.rel.got)

.rela.got
 *(.rela.got)

.rel.bss
 *(.rel.bss)

.rela.bss
 *(.rela.bss)

.rel.plt
 *(.rel.plt)

.rela.plt
 *(.rela.plt)

.text           0x0000000000000000       0x94
 *(.vectors)
 .vectors       0x0000000000000000       0x26 /opt/microchip/mplabx/v6.20/packs/Microchip/ATmega_DFP/3.1.264/xc8/avr/lib/avr4/crtatmega8.o
                0x0000000000000000                __vectors
                0x0000000000000000                __vector_default
 *(.vectors)
 *(.progmem.gcc*)
 *(.dinit)
 .dinit         0x0000000000000026       0x1d data_init
                0x0000000000000044                . = ALIGN (0x2)
 *fill*         0x0000000000000043        0x1 
                0x0000000000000044                __trampolines_start = .
 *(.trampolines)
 .trampolines   0x0000000000000044        0x0 linker stubs
 *(.trampolines*)
                0x0000000000000044                __trampolines_end = .
 *libprintf_flt.a:*(.progmem.data)
 *libc.a:*(.progmem.data)
                0x0000000000000044                . = ALIGN (0x2)
 *(.jumptables)
 *(.jumptables*)
 *(.lowtext)
 *(.lowtext*)
                0x0000000000000044                __ctors_start = .
 *(.ctors)
                0x0000000000000044                __ctors_end = .
                0x0000000000000044                __dtors_start = .
 *(.dtors)
                0x0000000000000044                __dtors_end = .
 SORT(*)(.ctors)
 SORT(*)(.dtors)
 *(.init0)
 .init0         0x0000000000000044        0x0 /opt/microchip/mplabx/v6.20/packs/Microchip/ATmega_DFP/3.1.264/xc8/avr/lib/avr4/crtatmega8.o
                0x0000000000000044                __init
 *(.init0)
 *(.init1)
 *(.init1)
 *(.init2)
 .init2         0x0000000000000044        0xc /opt/microchip/mplabx/v6.20/packs/Microchip/ATmega_DFP/3.1.264/xc8/avr/lib/avr4/crtatmega8.o
 *(.init2)
 *(.init3)
 *(.init3)
 *(.init4)
 .init4         0x0000000000000050       0x3c /opt/microchip/xc8/v2.46/avr/bin/../lib/gcc/avr/5.4.0/avr4/libgcc.a(_copy_data.o)
                0x0000000000000050                __do_copy_data
                0x000000000000007e                __do_clear_bss
 *(.init4)
 *(.init5)
 *(.init5)
 *(.init6)
 *(.init6)
 *(.init7)
 *(.init7)
 *(.init8)
 *(.init8)
 *(.init9)
 .init9         0x000000000000008c        0x4 /opt/microchip/mplabx/v6.20/packs/Microchip/ATmega_DFP/3.1.264/xc8/avr/lib/avr4/crtatmega8.o
 *(.init9)
                0x0000000000000090                . = ALIGN (0x2)
 *(.fini9)
 .fini9         0x0000000000000090        0x0 /opt/microchip/xc8/v2.46/avr/bin/../lib/gcc/avr/5.4.0/avr4/libgcc.a(_exit.o)
                0x0000000000000090                _exit
 *(.fini9)
 *(.fini8)
 *(.fini8)
 *(.fini7)
 *(.fini7)
 *(.fini6)
 *(.fini6)
 *(.fini5)
 *(.fini5)
 *(.fini4)
 *(.fini4)
 *(.fini3)
 *(.fini3)
 *(.fini2)
 *(.fini2)
 *(.fini1)
 *(.fini1)
 *(.fini0)
 .fini0         0x0000000000000090        0x4 /opt/microchip/xc8/v2.46/avr/bin/../lib/gcc/avr/5.4.0/avr4/libgcc.a(_exit.o)
 *(.fini0)
                0x0000000000000094                _etext = .

.data           0x0000000000800060        0x0 load address 0x0000000000000094
                [!provide]                        PROVIDE (__data_start, .)
 *(.gnu.linkonce.d*)
 *(.gnu.linkonce.r*)
                0x0000000000800060                . = ALIGN (0x2)
                0x0000000000800060                _edata = .
                [!provide]                        PROVIDE (__data_end, .)

.bss            0x0000000000800060        0x2
                [!provide]                        PROVIDE (__bss_start, .)
 *(COMMON)
 COMMON         0x0000000000800060        0x2 /opt/microchip/xc8/v2.46/avr/bin/../lib/gcc/avr/5.4.0/../../../../avr/lib/avr4/libc.a(errno.o)
                0x0000000000800060                __errno_val
                [!provide]                        PROVIDE (__bss_end, .)
                0x0000000000000094                __data_load_start = LOADADDR (.data)
                0x0000000000000094                __data_load_end = (__data_load_start + SIZEOF (.data))

.noinit         0x0000000000800062        0x0
                [!provide]                        PROVIDE (__noinit_start, .)
 *(.noinit*)
                [!provide]                        PROVIDE (__noinit_end, .)
                0x0000000000800062                _end = .

.eeprom         0x0000000000810000        0x0
 *(.eeprom*)
                0x0000000000810000                __eeprom_end = .

.fuse
 *(.fuse)
 *(.lfuse)
 *(.hfuse)
 *(.efuse)

.lock
 *(.lock*)

.signature
 *(.signature*)

.user_signatures
 *(.user_signatures*)

.bootrow
 *(.bootrow*)

.stab
 *(.stab)

.stabstr
 *(.stabstr)

.stab.excl
 *(.stab.excl)

.stab.exclstr
 *(.stab.exclstr)

.stab.index
 *(.stab.index)

.stab.indexstr
 *(.stab.indexstr)

.comment        0x0000000000000000       0x5b
 *(.comment)
 .comment       0x0000000000000000       0x2f build/default/production/toy_car_main.o
                                         0x30 (size before relaxing)
 .comment       0x000000000000002f       0x30 build/default/production/pwm.o
 .comment       0x000000000000002f       0x30 build/default/production/timer.o
 .comment       0x000000000000002f       0x30 build/default/production/uart.o
 .comment       0x000000000000002f       0x2c /opt/microchip/xc8/v2.46/avr/bin/../lib/gcc/avr/5.4.0/../../../../avr/lib/avr4/libc.a(exit.o)
                                         0x2d (size before relaxing)
 .comment       0x000000000000005b       0x2d /opt/microchip/xc8/v2.46/avr/bin/../lib/gcc/avr/5.4.0/../../../../avr/lib/avr4/libc.a(__sio_sprintf_doux.o)
 .comment       0x000000000000005b       0x2d /opt/microchip/xc8/v2.46/avr/bin/../lib/gcc/avr/5.4.0/../../../../avr/lib/avr4/libc.a(__fmt_d.o)
 .comment       0x000000000000005b       0x2d /opt/microchip/xc8/v2.46/avr/bin/../lib/gcc/avr/5.4.0/../../../../avr/lib/avr4/libc.a(__fmt_o.o)
 .comment       0x000000000000005b       0x2d /opt/microchip/xc8/v2.46/avr/bin/../lib/gcc/avr/5.4.0/../../../../avr/lib/avr4/libc.a(__fmt_s.o)
 .comment       0x000000000000005b       0x2d /opt/microchip/xc8/v2.46/avr/bin/../lib/gcc/avr/5.4.0/../../../../avr/lib/avr4/libc.a(__fmt_u.o)
 .comment       0x000000000000005b       0x2d /opt/microchip/xc8/v2.46/avr/bin/../lib/gcc/avr/5.4.0/../../../../avr/lib/avr4/libc.a(__fmt_x.o)
 .comment       0x000000000000005b       0x2d /opt/microchip/xc8/v2.46/avr/bin/../lib/gcc/avr/5.4.0/../../../../avr/lib/avr4/libc.a(__pop_int.o)
 .comment       0x000000000000005b       0x2d /opt/microchip/xc8/v2.46/avr/bin/../lib/gcc/avr/5.4.0/../../../../avr/lib/avr4/libc.a(__printf_core.o)
 .comment       0x000000000000005b       0x2d /opt/microchip/xc8/v2.46/avr/bin/../lib/gcc/avr/5.4.0/../../../../avr/lib/avr4/libc.a(fputc.o)
 .comment       0x000000000000005b       0x2d /opt/microchip/xc8/v2.46/avr/bin/../lib/gcc/avr/5.4.0/../../../../avr/lib/avr4/libc.a(strlen.o)
 .comment       0x000000000000005b       0x2d /opt/microchip/xc8/v2.46/avr/bin/../lib/gcc/avr/5.4.0/../../../../avr/lib/avr4/libc.a(tolower.o)
 .comment       0x000000000000005b       0x2d /opt/microchip/xc8/v2.46/avr/bin/../lib/gcc/avr/5.4.0/../../../../avr/lib/avr4/libc.a(toupper.o)
 .comment       0x000000000000005b       0x2d /opt/microchip/xc8/v2.46/avr/bin/../lib/gcc/avr/5.4.0/../../../../avr/lib/avr4/libc.a(errno.o)
 .comment       0x000000000000005b       0x2d /opt/microchip/xc8/v2.46/avr/bin/../lib/gcc/avr/5.4.0/../../../../avr/lib/avr4/libc.a(_Exit.o)
 .comment       0x000000000000005b       0x2d /opt/microchip/xc8/v2.46/avr/bin/../lib/gcc/avr/5.4.0/../../../../avr/lib/avr4/libc.a(__int_vsprintf.o)
 .comment       0x000000000000005b       0x2d /opt/microchip/xc8/v2.46/avr/bin/../lib/gcc/avr/5.4.0/../../../../avr/lib/avr4/libc.a(__int_vsnprintf.o)
 .comment       0x000000000000005b       0x2d /opt/microchip/xc8/v2.46/avr/bin/../lib/gcc/avr/5.4.0/../../../../avr/lib/avr4/libc.a(__int_vfprintf.o)

.stack.descriptors.hdr
                0x0000000000000000      0x126
 .stack.descriptors.hdr
                0x0000000000000000        0xe /opt/microchip/xc8/v2.46/avr/bin/../lib/gcc/avr/5.4.0/avr4/libgcc.a(_umulhisi3.o)
 .stack.descriptors.hdr
                0x000000000000000e        0xe /opt/microchip/xc8/v2.46/avr/bin/../lib/gcc/avr/5.4.0/../../../../avr/lib/avr4/libc.a(exit.o)
 .stack.descriptors.hdr
                0x000000000000001c        0xe /opt/microchip/xc8/v2.46/avr/bin/../lib/gcc/avr/5.4.0/../../../../avr/lib/avr4/libc.a(__sio_sprintf_doux.o)
 .stack.descriptors.hdr
                0x000000000000002a        0xe /opt/microchip/xc8/v2.46/avr/bin/../lib/gcc/avr/5.4.0/../../../../avr/lib/avr4/libc.a(__fmt_d.o)
 .stack.descriptors.hdr
                0x0000000000000038        0xe /opt/microchip/xc8/v2.46/avr/bin/../lib/gcc/avr/5.4.0/../../../../avr/lib/avr4/libc.a(__fmt_o.o)
 .stack.descriptors.hdr
                0x0000000000000046        0xe /opt/microchip/xc8/v2.46/avr/bin/../lib/gcc/avr/5.4.0/../../../../avr/lib/avr4/libc.a(__fmt_s.o)
 .stack.descriptors.hdr
                0x0000000000000054        0xe /opt/microchip/xc8/v2.46/avr/bin/../lib/gcc/avr/5.4.0/../../../../avr/lib/avr4/libc.a(__fmt_u.o)
 .stack.descriptors.hdr
                0x0000000000000062        0xe /opt/microchip/xc8/v2.46/avr/bin/../lib/gcc/avr/5.4.0/../../../../avr/lib/avr4/libc.a(__fmt_x.o)
 .stack.descriptors.hdr
                0x0000000000000070        0xe /opt/microchip/xc8/v2.46/avr/bin/../lib/gcc/avr/5.4.0/../../../../avr/lib/avr4/libc.a(__pop_int.o)
 .stack.descriptors.hdr
                0x000000000000007e        0xe /opt/microchip/xc8/v2.46/avr/bin/../lib/gcc/avr/5.4.0/../../../../avr/lib/avr4/libc.a(__printf_core.o)
 .stack.descriptors.hdr
                0x000000000000008c        0xe /opt/microchip/xc8/v2.46/avr/bin/../lib/gcc/avr/5.4.0/../../../../avr/lib/avr4/libc.a(fputc.o)
 .stack.descriptors.hdr
                0x000000000000009a        0xe /opt/microchip/xc8/v2.46/avr/bin/../lib/gcc/avr/5.4.0/../../../../avr/lib/avr4/libc.a(strlen.o)
 .stack.descriptors.hdr
                0x00000000000000a8        0xe /opt/microchip/xc8/v2.46/avr/bin/../lib/gcc/avr/5.4.0/../../../../avr/lib/avr4/libc.a(tolower.o)
 .stack.descriptors.hdr
                0x00000000000000b6        0xe /opt/microchip/xc8/v2.46/avr/bin/../lib/gcc/avr/5.4.0/../../../../avr/lib/avr4/libc.a(toupper.o)
 .stack.descriptors.hdr
                0x00000000000000c4        0xe /opt/microchip/xc8/v2.46/avr/bin/../lib/gcc/avr/5.4.0/../../../../avr/lib/avr4/libc.a(errno.o)
 .stack.descriptors.hdr
                0x00000000000000d2        0xe /opt/microchip/xc8/v2.46/avr/bin/../lib/gcc/avr/5.4.0/../../../../avr/lib/avr4/libc.a(_Exit.o)
 .stack.descriptors.hdr
                0x00000000000000e0        0xe /opt/microchip/xc8/v2.46/avr/bin/../lib/gcc/avr/5.4.0/../../../../avr/lib/avr4/libc.a(__int_vsprintf.o)
 .stack.descriptors.hdr
                0x00000000000000ee        0xe /opt/microchip/xc8/v2.46/avr/bin/../lib/gcc/avr/5.4.0/../../../../avr/lib/avr4/libc.a(__int_vsnprintf.o)
 .stack.descriptors.hdr
                0x00000000000000fc        0xe /opt/microchip/xc8/v2.46/avr/bin/../lib/gcc/avr/5.4.0/../../../../avr/lib/avr4/libc.a(__int_vfprintf.o)
 .stack.descriptors.hdr
                0x000000000000010a        0xe /opt/microchip/xc8/v2.46/avr/bin/../lib/gcc/avr/5.4.0/avr4/libgcc.a(_udivmodsi4.o)
 .stack.descriptors.hdr
                0x0000000000000118        0xe /opt/microchip/xc8/v2.46/avr/bin/../lib/gcc/avr/5.4.0/avr4/libgcc.a(_exit.o)

.note.GNU-stack
                0x0000000000000000        0x0
 .note.GNU-stack
                0x0000000000000000        0x0 /opt/microchip/xc8/v2.46/avr/bin/../lib/gcc/avr/5.4.0/../../../../avr/lib/avr4/libc.a(exit.o)
 .note.GNU-stack
                0x0000000000000000        0x0 /opt/microchip/xc8/v2.46/avr/bin/../lib/gcc/avr/5.4.0/../../../../avr/lib/avr4/libc.a(__sio_sprintf_doux.o)
 .note.GNU-stack
                0x0000000000000000        0x0 /opt/microchip/xc8/v2.46/avr/bin/../lib/gcc/avr/5.4.0/../../../../avr/lib/avr4/libc.a(__fmt_d.o)
 .note.GNU-stack
                0x0000000000000000        0x0 /opt/microchip/xc8/v2.46/avr/bin/../lib/gcc/avr/5.4.0/../../../../avr/lib/avr4/libc.a(__fmt_o.o)
 .note.GNU-stack
                0x0000000000000000        0x0 /opt/microchip/xc8/v2.46/avr/bin/../lib/gcc/avr/5.4.0/../../../../avr/lib/avr4/libc.a(__fmt_s.o)
 .note.GNU-stack
                0x0000000000000000        0x0 /opt/microchip/xc8/v2.46/avr/bin/../lib/gcc/avr/5.4.0/../../../../avr/lib/avr4/libc.a(__fmt_u.o)
 .note.GNU-stack
                0x0000000000000000        0x0 /opt/microchip/xc8/v2.46/avr/bin/../lib/gcc/avr/5.4.0/../../../../avr/lib/avr4/libc.a(__fmt_x.o)
 .note.GNU-stack
                0x0000000000000000        0x0 /opt/microchip/xc8/v2.46/avr/bin/../lib/gcc/avr/5.4.0/../../../../avr/lib/avr4/libc.a(__pop_int.o)
 .note.GNU-stack
                0x0000000000000000        0x0 /opt/microchip/xc8/v2.46/avr/bin/../lib/gcc/avr/5.4.0/../../../../avr/lib/avr4/libc.a(__printf_core.o)
 .note.GNU-stack
                0x0000000000000000        0x0 /opt/microchip/xc8/v2.46/avr/bin/../lib/gcc/avr/5.4.0/../../../../avr/lib/avr4/libc.a(fputc.o)
 .note.GNU-stack
                0x0000000000000000        0x0 /opt/microchip/xc8/v2.46/avr/bin/../lib/gcc/avr/5.4.0/../../../../avr/lib/avr4/libc.a(strlen.o)
 .note.GNU-stack
                0x0000000000000000        0x0 /opt/microchip/xc8/v2.46/avr/bin/../lib/gcc/avr/5.4.0/../../../../avr/lib/avr4/libc.a(tolower.o)
 .note.GNU-stack
                0x0000000000000000        0x0 /opt/microchip/xc8/v2.46/avr/bin/../lib/gcc/avr/5.4.0/../../../../avr/lib/avr4/libc.a(toupper.o)
 .note.GNU-stack
                0x0000000000000000        0x0 /opt/microchip/xc8/v2.46/avr/bin/../lib/gcc/avr/5.4.0/../../../../avr/lib/avr4/libc.a(errno.o)
 .note.GNU-stack
                0x0000000000000000        0x0 /opt/microchip/xc8/v2.46/avr/bin/../lib/gcc/avr/5.4.0/../../../../avr/lib/avr4/libc.a(_Exit.o)
 .note.GNU-stack
                0x0000000000000000        0x0 /opt/microchip/xc8/v2.46/avr/bin/../lib/gcc/avr/5.4.0/../../../../avr/lib/avr4/libc.a(__int_vsprintf.o)
 .note.GNU-stack
                0x0000000000000000        0x0 /opt/microchip/xc8/v2.46/avr/bin/../lib/gcc/avr/5.4.0/../../../../avr/lib/avr4/libc.a(__int_vsnprintf.o)
 .note.GNU-stack
                0x0000000000000000        0x0 /opt/microchip/xc8/v2.46/avr/bin/../lib/gcc/avr/5.4.0/../../../../avr/lib/avr4/libc.a(__int_vfprintf.o)

.note.gnu.build-id
 *(.note.gnu.build-id)

.debug
 *(.debug)

.line
 *(.line)

.debug_srcinfo
 *(.debug_srcinfo)

.debug_sfnames
 *(.debug_sfnames)

.debug_aranges  0x0000000000000000      0x160
 *(.debug_aranges)
 .debug_aranges
                0x0000000000000000       0x40 build/default/production/toy_car_main.o
 .debug_aranges
                0x0000000000000040       0xb8 build/default/production/pwm.o
 .debug_aranges
                0x00000000000000f8       0x30 build/default/production/timer.o
 .debug_aranges
                0x0000000000000128       0x38 build/default/production/uart.o

.debug_pubnames
 *(.debug_pubnames)

.debug_info     0x0000000000000000     0x153d
 *(.debug_info .gnu.linkonce.wi.*)
 .debug_info    0x0000000000000000      0x48c /opt/microchip/mplabx/v6.20/packs/Microchip/ATmega_DFP/3.1.264/xc8/avr/lib/avr4/crtatmega8.o
 .debug_info    0x000000000000048c      0x547 build/default/production/toy_car_main.o
 .debug_info    0x00000000000009d3      0x5b8 build/default/production/pwm.o
 .debug_info    0x0000000000000f8b      0x263 build/default/production/timer.o
 .debug_info    0x00000000000011ee      0x34f build/default/production/uart.o

.debug_abbrev   0x0000000000000000      0x74c
 *(.debug_abbrev)
 .debug_abbrev  0x0000000000000000      0x44e /opt/microchip/mplabx/v6.20/packs/Microchip/ATmega_DFP/3.1.264/xc8/avr/lib/avr4/crtatmega8.o
 .debug_abbrev  0x000000000000044e      0x138 build/default/production/toy_car_main.o
 .debug_abbrev  0x0000000000000586       0xc0 build/default/production/pwm.o
 .debug_abbrev  0x0000000000000646       0x5c build/default/production/timer.o
 .debug_abbrev  0x00000000000006a2       0xaa build/default/production/uart.o

.debug_line     0x0000000000000000      0x986
 *(.debug_line .debug_line.* .debug_line_end)
 .debug_line    0x0000000000000000      0x10a /opt/microchip/mplabx/v6.20/packs/Microchip/ATmega_DFP/3.1.264/xc8/avr/lib/avr4/crtatmega8.o
 .debug_line    0x000000000000010a      0x1b6 build/default/production/toy_car_main.o
 .debug_line    0x00000000000002c0      0x498 build/default/production/pwm.o
 .debug_line    0x0000000000000758       0xd1 build/default/production/timer.o
 .debug_line    0x0000000000000829      0x15d build/default/production/uart.o

.debug_frame    0x0000000000000000      0x2d8
 *(.debug_frame)
 .debug_frame   0x0000000000000000       0xb4 build/default/production/toy_car_main.o
 .debug_frame   0x00000000000000b4      0x154 build/default/production/pwm.o
 .debug_frame   0x0000000000000208       0x44 build/default/production/timer.o
 .debug_frame   0x000000000000024c       0x8c build/default/production/uart.o

.debug_str      0x0000000000000000      0x21f
 *(.debug_str)
 .debug_str     0x0000000000000000      0x17a /opt/microchip/mplabx/v6.20/packs/Microchip/ATmega_DFP/3.1.264/xc8/avr/lib/avr4/crtatmega8.o
 .debug_str     0x000000000000017a       0xa5 build/default/production/toy_car_main.o
 .debug_str     0x000000000000021f        0x0 build/default/production/pwm.o
 .debug_str     0x000000000000021f        0x0 build/default/production/timer.o
 .debug_str     0x000000000000021f        0x0 build/default/production/uart.o

.debug_loc      0x0000000000000000      0x17a
 *(.debug_loc)
 .debug_loc     0x0000000000000000       0x4a build/default/production/toy_car_main.o
 .debug_loc     0x000000000000004a      0x130 build/default/production/uart.o

.debug_macinfo
 *(.debug_macinfo)

.debug_weaknames
 *(.debug_weaknames)

.debug_funcnames
 *(.debug_funcnames)

.debug_typenames
 *(.debug_typenames)

.debug_varnames
 *(.debug_varnames)

.debug_pubtypes
 *(.debug_pubtypes)

.debug_ranges   0x0000000000000000      0x120
 *(.debug_ranges)
 .debug_ranges  0x0000000000000000       0x30 build/default/production/toy_car_main.o
 .debug_ranges  0x0000000000000030       0xa8 build/default/production/pwm.o
 .debug_ranges  0x00000000000000d8       0x20 build/default/production/timer.o
 .debug_ranges  0x00000000000000f8       0x28 build/default/production/uart.o

.debug_macro
 *(.debug_macro)
OUTPUT(dist/default/production/toy_car_code.X.production.elf elf32-avr)
LOAD linker stubs
LOAD data_init

.note.gnu.avr.deviceinfo
                0x0000000000000000       0x3c
 .note.gnu.avr.deviceinfo
                0x0000000000000000       0x3c /opt/microchip/mplabx/v6.20/packs/Microchip/ATmega_DFP/3.1.264/xc8/avr/lib/avr4/crtatmega8.o

.bss.MESSAGE    0x0000000000800062       0x1e
 .bss.MESSAGE   0x0000000000800062       0x1e build/default/production/toy_car_main.o

.bss.MOTOR_2_DUTY
                0x00000000008000af        0x2
 .bss.MOTOR_2_DUTY
                0x00000000008000af        0x2 build/default/production/toy_car_main.o
                0x00000000008000af                MOTOR_2_DUTY

.bss.MOTOR_1_DUTY
                0x00000000008000b1        0x2
 .bss.MOTOR_1_DUTY
                0x00000000008000b1        0x2 build/default/production/toy_car_main.o
                0x00000000008000b1                MOTOR_1_DUTY

.bss.COUNTER    0x00000000008000b8        0x1
 .bss.COUNTER   0x00000000008000b8        0x1 build/default/production/toy_car_main.o

.bss.D2         0x00000000008000b3        0x2
 .bss.D2        0x00000000008000b3        0x2 build/default/production/pwm.o

.bss.D1         0x00000000008000b5        0x2
 .bss.D1        0x00000000008000b5        0x2 build/default/production/pwm.o

.text.vfpfcnvrt
                0x0000000000000094      0x3ce
 .text.vfpfcnvrt
                0x0000000000000094      0x3ce /opt/microchip/xc8/v2.46/avr/bin/../lib/gcc/avr/5.4.0/../../../../avr/lib/avr4/libc.a(__printf_core.o)
                0x0000000000000094                vfpfcnvrt

.text.__fmt_x   0x0000000000000462      0x1d4
 .text.__fmt_x  0x0000000000000462      0x1d4 /opt/microchip/xc8/v2.46/avr/bin/../lib/gcc/avr/5.4.0/../../../../avr/lib/avr4/libc.a(__fmt_x.o)
                0x0000000000000462                __fmt_x
                0x0000000000000462                __fmt_x_needed

.text.__fmt_d   0x0000000000000636       0xdc
 .text.__fmt_d  0x0000000000000636       0xdc /opt/microchip/xc8/v2.46/avr/bin/../lib/gcc/avr/5.4.0/../../../../avr/lib/avr4/libc.a(__fmt_d.o)
                0x0000000000000636                __fmt_d_needed
                0x0000000000000636                __fmt_d

.text.__pop_int
                0x0000000000000712       0xd0
 .text.__pop_int
                0x0000000000000712       0xd0 /opt/microchip/xc8/v2.46/avr/bin/../lib/gcc/avr/5.4.0/../../../../avr/lib/avr4/libc.a(__pop_int.o)
                0x0000000000000712                __pop_int
                0x0000000000000712                __pop_int_needed

.text.__cvt_u   0x00000000000007e2       0xc4
 .text.__cvt_u  0x00000000000007e2       0xc4 /opt/microchip/xc8/v2.46/avr/bin/../lib/gcc/avr/5.4.0/../../../../avr/lib/avr4/libc.a(__fmt_u.o)
                0x00000000000007e2                __cvt_u

.text.__fmt_o   0x00000000000008a6       0xaa
 .text.__fmt_o  0x00000000000008a6       0xaa /opt/microchip/xc8/v2.46/avr/bin/../lib/gcc/avr/5.4.0/../../../../avr/lib/avr4/libc.a(__fmt_o.o)
                0x00000000000008a6                __fmt_o_needed
                0x00000000000008a6                __fmt_o

.text.fputc     0x0000000000000950       0x98
 .text.fputc    0x0000000000000950       0x98 /opt/microchip/xc8/v2.46/avr/bin/../lib/gcc/avr/5.4.0/../../../../avr/lib/avr4/libc.a(fputc.o)
                0x0000000000000950                putc
                0x0000000000000950                fputc

.text.__fmt_u   0x00000000000009e8       0x86
 .text.__fmt_u  0x00000000000009e8       0x86 /opt/microchip/xc8/v2.46/avr/bin/../lib/gcc/avr/5.4.0/../../../../avr/lib/avr4/libc.a(__fmt_u.o)
                0x00000000000009e8                __fmt_u
                0x00000000000009e8                __fmt_u_needed

.text.__vector_11
                0x0000000000000a6e       0x7a
 .text.__vector_11
                0x0000000000000a6e       0x7a build/default/production/toy_car_main.o
                0x0000000000000a6e                __vector_11

.text.increaseSpeed
                0x0000000000000ae8       0x74
 .text.increaseSpeed
                0x0000000000000ae8       0x74 build/default/production/pwm.o
                0x0000000000000ae8                increaseSpeed

.text.decreaseSpeed
                0x0000000000000b5c       0x74
 .text.decreaseSpeed
                0x0000000000000b5c       0x74 build/default/production/pwm.o
                0x0000000000000b5c                decreaseSpeed

.text.__printf_core
                0x0000000000000bd0       0x72
 .text.__printf_core
                0x0000000000000bd0       0x72 /opt/microchip/xc8/v2.46/avr/bin/../lib/gcc/avr/5.4.0/../../../../avr/lib/avr4/libc.a(__printf_core.o)
                0x0000000000000bd0                __printf_core

.text.turnRight
                0x0000000000000c42       0x70
 .text.turnRight
                0x0000000000000c42       0x70 build/default/production/pwm.o
                0x0000000000000c42                turnRight

.text.__vsnprintf
                0x0000000000000cb2       0x6e
 .text.__vsnprintf
                0x0000000000000cb2       0x6e /opt/microchip/xc8/v2.46/avr/bin/../lib/gcc/avr/5.4.0/../../../../avr/lib/avr4/libc.a(__int_vsnprintf.o)
                0x0000000000000cb2                __vsnprintf

.text.__pad     0x0000000000000d20       0x68
 .text.__pad    0x0000000000000d20       0x68 /opt/microchip/xc8/v2.46/avr/bin/../lib/gcc/avr/5.4.0/../../../../avr/lib/avr4/libc.a(__printf_core.o)
                0x0000000000000d20                __pad

.text.updateStatus
                0x0000000000000d88       0x64
 .text.updateStatus
                0x0000000000000d88       0x64 build/default/production/toy_car_main.o
                0x0000000000000d88                updateStatus

.text.turnLeft  0x0000000000000dec       0x62
 .text.turnLeft
                0x0000000000000dec       0x62 build/default/production/pwm.o
                0x0000000000000dec                turnLeft

.text.read_prec_or_width
                0x0000000000000e4e       0x5c
 .text.read_prec_or_width
                0x0000000000000e4e       0x5c /opt/microchip/xc8/v2.46/avr/bin/../lib/gcc/avr/5.4.0/../../../../avr/lib/avr4/libc.a(__printf_core.o)

.text.__fmt_s   0x0000000000000eaa       0x4c
 .text.__fmt_s  0x0000000000000eaa       0x4c /opt/microchip/xc8/v2.46/avr/bin/../lib/gcc/avr/5.4.0/../../../../avr/lib/avr4/libc.a(__fmt_s.o)
                0x0000000000000eaa                __fmt_s_needed
                0x0000000000000eaa                __fmt_s
                0x0000000000000eaa                __fmt_0_needed

.text.libgcc.div
                0x0000000000000ef6       0x44
 .text.libgcc.div
                0x0000000000000ef6       0x44 /opt/microchip/xc8/v2.46/avr/bin/../lib/gcc/avr/5.4.0/avr4/libgcc.a(_udivmodsi4.o)
                0x0000000000000ef6                __udivmodsi4

.text.init_pwm  0x0000000000000f3a       0x42
 .text.init_pwm
                0x0000000000000f3a       0x42 build/default/production/pwm.o
                0x0000000000000f3a                init_pwm

.text.__fmt_state
                0x0000000000000f7c       0x40
 .text.__fmt_state
                0x0000000000000f7c       0x40 /opt/microchip/xc8/v2.46/avr/bin/../lib/gcc/avr/5.4.0/../../../../avr/lib/avr4/libc.a(__printf_core.o)
                0x0000000000000f7c                __fmt_state

.text.sendMessage
                0x0000000000000fbc       0x3c
 .text.sendMessage
                0x0000000000000fbc       0x3c build/default/production/uart.o
                0x0000000000000fbc                sendMessage

.text.libgcc.prologue
                0x0000000000000ff8       0x38
 .text.libgcc.prologue
                0x0000000000000ff8       0x38 /opt/microchip/xc8/v2.46/avr/bin/../lib/gcc/avr/5.4.0/avr4/libgcc.a(_prologue.o)
                0x0000000000000ff8                __prologue_saves__

.text.libgcc.prologue
                0x0000000000001030       0x36
 .text.libgcc.prologue
                0x0000000000001030       0x36 /opt/microchip/xc8/v2.46/avr/bin/../lib/gcc/avr/5.4.0/avr4/libgcc.a(_epilogue.o)
                0x0000000000001030                __epilogue_restores__

.text.sendUpdatedMessage
                0x0000000000001066       0x34
 .text.sendUpdatedMessage
                0x0000000000001066       0x34 build/default/production/toy_car_main.o
                0x0000000000001066                sendUpdatedMessage

.text.__out     0x000000000000109a       0x34
 .text.__out    0x000000000000109a       0x34 /opt/microchip/xc8/v2.46/avr/bin/../lib/gcc/avr/5.4.0/../../../../avr/lib/avr4/libc.a(__printf_core.o)
                0x000000000000109a                __out

.text.cruiseBackward
                0x00000000000010ce       0x2c
 .text.cruiseBackward
                0x00000000000010ce       0x2c build/default/production/pwm.o
                0x00000000000010ce                cruiseBackward

.text.cruiseForward
                0x00000000000010fa       0x2c
 .text.cruiseForward
                0x00000000000010fa       0x2c build/default/production/pwm.o
                0x00000000000010fa                cruiseForward

.text.formatMessage
                0x0000000000001126       0x2c
 .text.formatMessage
                0x0000000000001126       0x2c build/default/production/uart.o
                0x0000000000001126                formatMessage

.text.__vfprintf
                0x0000000000001152       0x2a
 .text.__vfprintf
                0x0000000000001152       0x2a /opt/microchip/xc8/v2.46/avr/bin/../lib/gcc/avr/5.4.0/../../../../avr/lib/avr4/libc.a(__int_vfprintf.o)
                0x0000000000001152                __vfprintf

.text.__vector_9
                0x000000000000117c       0x24
 .text.__vector_9
                0x000000000000117c       0x24 build/default/production/toy_car_main.o
                0x000000000000117c                __vector_9

.text.main      0x00000000000011a0       0x1e
 .text.main     0x00000000000011a0       0x1e build/default/production/toy_car_main.o
                0x00000000000011a0                main

.text.start     0x00000000000011be       0x1e
 .text.start    0x00000000000011be       0x1e build/default/production/pwm.o
                0x00000000000011be                start

.text.setMaxSpeed
                0x00000000000011dc       0x1e
 .text.setMaxSpeed
                0x00000000000011dc       0x1e build/default/production/pwm.o
                0x00000000000011dc                setMaxSpeed

.text.init_uart
                0x00000000000011fa       0x1e
 .text.init_uart
                0x00000000000011fa       0x1e build/default/production/uart.o
                0x00000000000011fa                init_uart

.text.__wrap_sprintf
                0x0000000000001218       0x1e
 .text.__wrap_sprintf
                0x0000000000001218       0x1e /opt/microchip/xc8/v2.46/avr/bin/../lib/gcc/avr/5.4.0/../../../../avr/lib/avr4/libc.a(__sio_sprintf_doux.o)
                0x0000000000001218                _sprintf_cdopuxX

.text.stop      0x0000000000001236       0x1c
 .text.stop     0x0000000000001236       0x1c build/default/production/pwm.o
                0x0000000000001236                stop

.text.init_timer
                0x0000000000001252       0x1c
 .text.init_timer
                0x0000000000001252       0x1c build/default/production/timer.o
                0x0000000000001252                init_timer

.text.strlen    0x000000000000126e       0x1c
 .text.strlen   0x000000000000126e       0x1c /opt/microchip/xc8/v2.46/avr/bin/../lib/gcc/avr/5.4.0/../../../../avr/lib/avr4/libc.a(strlen.o)
                0x000000000000126e                strlen

.text.setInvertingMode
                0x000000000000128a       0x1a
 .text.setInvertingMode
                0x000000000000128a       0x1a build/default/production/pwm.o
                0x000000000000128a                setInvertingMode

.text.setNormalMode
                0x00000000000012a4       0x1a
 .text.setNormalMode
                0x00000000000012a4       0x1a build/default/production/pwm.o
                0x00000000000012a4                setNormalMode

.text.libgcc.mul
                0x00000000000012be       0x18
 .text.libgcc.mul
                0x00000000000012be       0x18 /opt/microchip/xc8/v2.46/avr/bin/../lib/gcc/avr/5.4.0/avr4/libgcc.a(_umulhisi3.o)
                0x00000000000012be                __umulhisi3

.text.disableTimer
                0x00000000000012d6       0x14
 .text.disableTimer
                0x00000000000012d6       0x14 build/default/production/timer.o
                0x00000000000012d6                disableTimer

.text.enableTimer
                0x00000000000012ea       0x14
 .text.enableTimer
                0x00000000000012ea       0x14 build/default/production/timer.o
                0x00000000000012ea                enableTimer

.text.isPolarityChanged
                0x00000000000012fe       0x12
 .text.isPolarityChanged
                0x00000000000012fe       0x12 build/default/production/pwm.o
                0x00000000000012fe                isPolarityChanged

.text.toupper   0x0000000000001310       0x12
 .text.toupper  0x0000000000001310       0x12 /opt/microchip/xc8/v2.46/avr/bin/../lib/gcc/avr/5.4.0/../../../../avr/lib/avr4/libc.a(toupper.o)
                0x0000000000001310                toupper

.text.tolower   0x0000000000001322       0x10
 .text.tolower  0x0000000000001322       0x10 /opt/microchip/xc8/v2.46/avr/bin/../lib/gcc/avr/5.4.0/../../../../avr/lib/avr4/libc.a(tolower.o)
                0x0000000000001322                tolower

.text.exit      0x0000000000001332        0xe
 .text.exit     0x0000000000001332        0xe /opt/microchip/xc8/v2.46/avr/bin/../lib/gcc/avr/5.4.0/../../../../avr/lib/avr4/libc.a(exit.o)
                0x0000000000001332                exit

.text.__vsprintf
                0x0000000000001340        0xc
 .text.__vsprintf
                0x0000000000001340        0xc /opt/microchip/xc8/v2.46/avr/bin/../lib/gcc/avr/5.4.0/../../../../avr/lib/avr4/libc.a(__int_vsprintf.o)
                0x0000000000001340                __vsprintf

.text.getOCR1A  0x000000000000134c        0xa
 .text.getOCR1A
                0x000000000000134c        0xa build/default/production/pwm.o
                0x000000000000134c                getOCR1A

.text.getOCR1B  0x0000000000001356        0xa
 .text.getOCR1B
                0x0000000000001356        0xa build/default/production/pwm.o
                0x0000000000001356                getOCR1B

.text.send      0x0000000000001360        0x8
 .text.send     0x0000000000001360        0x8 build/default/production/uart.o
                0x0000000000001360                send

.text.init_motor_second_pins
                0x0000000000001368        0x6
 .text.init_motor_second_pins
                0x0000000000001368        0x6 build/default/production/pwm.o
                0x0000000000001368                init_motor_second_pins

.text.backwardMotorPolarity
                0x000000000000136e        0x6
 .text.backwardMotorPolarity
                0x000000000000136e        0x6 build/default/production/pwm.o
                0x000000000000136e                backwardMotorPolarity

.text.forwardMotorPolarity
                0x0000000000001374        0x6
 .text.forwardMotorPolarity
                0x0000000000001374        0x6 build/default/production/pwm.o
                0x0000000000001374                forwardMotorPolarity

.text.setReverse
                0x000000000000137a        0x6
 .text.setReverse
                0x000000000000137a        0x6 build/default/production/pwm.o
                0x000000000000137a                setReverse

.text.setForward
                0x0000000000001380        0x6
 .text.setForward
                0x0000000000001380        0x6 build/default/production/pwm.o
                0x0000000000001380                setForward

.text           0x0000000000001386        0x2
 .text          0x0000000000001386        0x2 /opt/microchip/mplabx/v6.20/packs/Microchip/ATmega_DFP/3.1.264/xc8/avr/lib/avr4/crtatmega8.o
                0x0000000000001386                __vector_1
                0x0000000000001386                __vector_12
                0x0000000000001386                __bad_interrupt
                0x0000000000001386                __vector_6
                0x0000000000001386                __vector_3
                0x0000000000001386                __vector_13
                0x0000000000001386                __vector_17
                0x0000000000001386                __vector_7
                0x0000000000001386                __vector_5
                0x0000000000001386                __vector_4
                0x0000000000001386                __vector_2
                0x0000000000001386                __vector_15
                0x0000000000001386                __vector_8
                0x0000000000001386                __vector_14
                0x0000000000001386                __vector_10
                0x0000000000001386                __vector_16
                0x0000000000001386                __vector_18

.text.__dummy_fini
                0x0000000000001388        0x2
 .text.__dummy_fini
                0x0000000000001388        0x2 /opt/microchip/xc8/v2.46/avr/bin/../lib/gcc/avr/5.4.0/../../../../avr/lib/avr4/libc.a(exit.o)
                0x0000000000001388                _fini

.text.__dummy_funcs_on_exit
                0x000000000000138a        0x2
 .text.__dummy_funcs_on_exit
                0x000000000000138a        0x2 /opt/microchip/xc8/v2.46/avr/bin/../lib/gcc/avr/5.4.0/../../../../avr/lib/avr4/libc.a(exit.o)
                0x000000000000138a                __funcs_on_exit

.text.__dummy_simulator_exit
                0x000000000000138c        0x2
 .text.__dummy_simulator_exit
                0x000000000000138c        0x2 /opt/microchip/xc8/v2.46/avr/bin/../lib/gcc/avr/5.4.0/../../../../avr/lib/avr4/libc.a(exit.o)
                0x000000000000138c                __simulator_exit

.text._Exit     0x000000000000138e        0x2
 .text._Exit    0x000000000000138e        0x2 /opt/microchip/xc8/v2.46/avr/bin/../lib/gcc/avr/5.4.0/../../../../avr/lib/avr4/libc.a(_Exit.o)
                0x000000000000138e                _Exit

.rodata.state_table
                0x0000000000800080       0x16 load address 0x0000000000001390
 .rodata.state_table
                0x0000000000800080       0x16 /opt/microchip/xc8/v2.46/avr/bin/../lib/gcc/avr/5.4.0/../../../../avr/lib/avr4/libc.a(__printf_core.o)

.rodata         0x0000000000800096        0xc load address 0x00000000000013a6
 .rodata        0x0000000000800096        0xc build/default/production/uart.o

.rodata.nuls.2781
                0x00000000008000a2        0x7 load address 0x00000000000013b2
 .rodata.nuls.2781
                0x00000000008000a2        0x7 /opt/microchip/xc8/v2.46/avr/bin/../lib/gcc/avr/5.4.0/../../../../avr/lib/avr4/libc.a(__fmt_s.o)

.rodata.nilstr.2962
                0x00000000008000a9        0x6 load address 0x00000000000013b9
 .rodata.nilstr.2962
                0x00000000008000a9        0x6 /opt/microchip/xc8/v2.46/avr/bin/../lib/gcc/avr/5.4.0/../../../../avr/lib/avr4/libc.a(__printf_core.o)

.data.DIRECTION
                0x00000000008000b7        0x1 load address 0x00000000000013bf
 .data.DIRECTION
                0x00000000008000b7        0x1 build/default/production/toy_car_main.o
